ERROR - 2026-10-07 13:04:09 --> Error connecting to the database: mysqli_sql_exception: Access denied for user 'if0_43111722_XXX'@'192.168.0.39' (using password: YES) in /home/vol14_7/infinityfree.com/if0_43111722/htdocs/system/Database/MySQLi/Connection.php:201
Stack trace:
#0 /home/vol14_7/infinityfree.com/if0_43111722/htdocs/system/Database/MySQLi/Connection.php(201): mysqli->real_connect('sql212.infinity...', 'if0_43111722_XX...', Object(SensitiveParameterValue), 'tasks_today_db', 3306, '', 0)
#1 /home/vol14_7/infinityfree.com/if0_43111722/htdocs/system/Database/BaseConnection.php(555): CodeIgniter\Database\MySQLi\Connection->connect(false)
#2 /home/vol14_7/infinityfree.com/if0_43111722/htdocs/system/Database/BaseConnection.php(795): CodeIgniter\Database\BaseConnection->initialize()
#3 /home/vol14_7/infinityfree.com/if0_43111722/htdocs/system/Database/BaseBuilder.php(1659): CodeIgniter\Database\BaseConnection->query('SELECT *\nFROM `...', Array, false)
#4 /home/vol14_7/infinityfree.com/if0_43111722/htdocs/system/Model.php(255): CodeIgniter\Database\BaseBuilder->get()
#5 /home/vol14_7/infinityfree.com/if0_43111722/htdocs/system/BaseModel.php(676): CodeIgniter\Model->doFindAll(0, 0)
#6 /home/vol14_7/infinityfree.com/if0_43111722/htdocs/app/Controllers/Tasks.php(36): CodeIgniter\BaseModel->findAll()
#7 /home/vol14_7/infinityfree.com/if0_43111722/htdocs/system/CodeIgniter.php(974): App\Controllers\Tasks->index()
#8 /home/vol14_7/infinityfree.com/if0_43111722/htdocs/system/CodeIgniter.php(520): CodeIgniter\CodeIgniter->runController(Object(App\Controllers\Tasks))
#9 /home/vol14_7/infinityfree.com/if0_43111722/htdocs/system/CodeIgniter.php(363): CodeIgniter\CodeIgniter->handleRequest(NULL, Object(Config\Cache), false)
#10 /home/vol14_7/infinityfree.com/if0_43111722/htdocs/system/Boot.php(417): CodeIgniter\CodeIgniter->run()
#11 /home/vol14_7/infinityfree.com/if0_43111722/htdocs/system/Boot.php(68): CodeIgniter\Boot::runCodeIgniter(Object(CodeIgniter\CodeIgniter))
#12 /home/vol14_7/infinityfree.com/if0_43111722/htdocs/public/index.php(59): CodeIgniter\Boot::bootWeb(Object(Config\Paths))
#13 {main}

Next CodeIgniter\Database\Exceptions\DatabaseException: Access denied for user '****'@'192.168.0.39' (using password: YES) in /home/vol14_7/infinityfree.com/if0_43111722/htdocs/system/Database/MySQLi/Connection.php:231
Stack trace:
#0 /home/vol14_7/infinityfree.com/if0_43111722/htdocs/system/Database/BaseConnection.php(555): CodeIgniter\Database\MySQLi\Connection->connect(false)
#1 /home/vol14_7/infinityfree.com/if0_43111722/htdocs/system/Database/BaseConnection.php(795): CodeIgniter\Database\BaseConnection->initialize()
#2 /home/vol14_7/infinityfree.com/if0_43111722/htdocs/system/Database/BaseBuilder.php(1659): CodeIgniter\Database\BaseConnection->query('SELECT *\nFROM `...', Array, false)
#3 /home/vol14_7/infinityfree.com/if0_43111722/htdocs/system/Model.php(255): CodeIgniter\Database\BaseBuilder->get()
#4 /home/vol14_7/infinityfree.com/if0_43111722/htdocs/system/BaseModel.php(676): CodeIgniter\Model->doFindAll(0, 0)
#5 /home/vol14_7/infinityfree.com/if0_43111722/htdocs/app/Controllers/Tasks.php(36): CodeIgniter\BaseModel->findAll()
#6 /home/vol14_7/infinityfree.com/if0_43111722/htdocs/system/CodeIgniter.php(974): App\Controllers\Tasks->index()
#7 /home/vol14_7/infinityfree.com/if0_43111722/htdocs/system/CodeIgniter.php(520): CodeIgniter\CodeIgniter->runController(Object(App\Controllers\Tasks))
#8 /home/vol14_7/infinityfree.com/if0_43111722/htdocs/system/CodeIgniter.php(363): CodeIgniter\CodeIgniter->handleRequest(NULL, Object(Config\Cache), false)
#9 /home/vol14_7/infinityfree.com/if0_43111722/htdocs/system/Boot.php(417): CodeIgniter\CodeIgniter->run()
#10 /home/vol14_7/infinityfree.com/if0_43111722/htdocs/system/Boot.php(68): CodeIgniter\Boot::runCodeIgniter(Object(CodeIgniter\CodeIgniter))
#11 /home/vol14_7/infinityfree.com/if0_43111722/htdocs/public/index.php(59): CodeIgniter\Boot::bootWeb(Object(Config\Paths))
#12 {main}
CRITICAL - 2026-10-07 13:04:09 --> CodeIgniter\Database\Exceptions\DatabaseException: Unable to connect to the database.
Main connection [MySQLi]: Access denied for user '****'@'192.168.0.39' (using password: YES)
[Method: GET, Route: /]
in SYSTEMPATH/Database/BaseConnection.php on line 606.
 1 SYSTEMPATH/Database/BaseConnection.php(795): CodeIgniter\Database\BaseConnection->initialize()
 2 SYSTEMPATH/Database/BaseBuilder.php(1659): CodeIgniter\Database\BaseConnection->query('SELECT *
FROM `tasks`
WHERE `task_date` = :task_date:
AND `is_archived` = :is_archived:
ORDER BY `id` ASC', [...], false)
 3 SYSTEMPATH/Model.php(255): CodeIgniter\Database\BaseBuilder->get()
 4 SYSTEMPATH/BaseModel.php(676): CodeIgniter\Model->doFindAll(0, 0)
 5 APPPATH/Controllers/Tasks.php(36): CodeIgniter\BaseModel->findAll()
 6 SYSTEMPATH/CodeIgniter.php(974): App\Controllers\Tasks->index()
 7 SYSTEMPATH/CodeIgniter.php(520): CodeIgniter\CodeIgniter->runController(Object(App\Controllers\Tasks))
 8 SYSTEMPATH/CodeIgniter.php(363): CodeIgniter\CodeIgniter->handleRequest(null, Object(Config\Cache), false)
 9 SYSTEMPATH/Boot.php(417): CodeIgniter\CodeIgniter->run()
10 SYSTEMPATH/Boot.php(68): CodeIgniter\Boot::runCodeIgniter(Object(CodeIgniter\CodeIgniter))
11 FCPATH/index.php(59): CodeIgniter\Boot::bootWeb(Object(Config\Paths))
ERROR - 2026-10-07 13:04:22 --> Error connecting to the database: mysqli_sql_exception: Access denied for user 'if0_43111722_XXX'@'192.168.0.39' (using password: YES) in /home/vol14_7/infinityfree.com/if0_43111722/htdocs/system/Database/MySQLi/Connection.php:201
Stack trace:
#0 /home/vol14_7/infinityfree.com/if0_43111722/htdocs/system/Database/MySQLi/Connection.php(201): mysqli->real_connect('sql212.infinity...', 'if0_43111722_XX...', Object(SensitiveParameterValue), 'tasks_today_db', 3306, '', 0)
#1 /home/vol14_7/infinityfree.com/if0_43111722/htdocs/system/Database/BaseConnection.php(555): CodeIgniter\Database\MySQLi\Connection->connect(false)
#2 /home/vol14_7/infinityfree.com/if0_43111722/htdocs/system/Database/BaseConnection.php(795): CodeIgniter\Database\BaseConnection->initialize()
#3 /home/vol14_7/infinityfree.com/if0_43111722/htdocs/system/Database/BaseBuilder.php(1659): CodeIgniter\Database\BaseConnection->query('SELECT *\nFROM `...', Array, false)
#4 /home/vol14_7/infinityfree.com/if0_43111722/htdocs/system/Model.php(255): CodeIgniter\Database\BaseBuilder->get()
#5 /home/vol14_7/infinityfree.com/if0_43111722/htdocs/system/BaseModel.php(676): CodeIgniter\Model->doFindAll(0, 0)
#6 /home/vol14_7/infinityfree.com/if0_43111722/htdocs/app/Controllers/Tasks.php(36): CodeIgniter\BaseModel->findAll()
#7 /home/vol14_7/infinityfree.com/if0_43111722/htdocs/system/CodeIgniter.php(974): App\Controllers\Tasks->index()
#8 /home/vol14_7/infinityfree.com/if0_43111722/htdocs/system/CodeIgniter.php(520): CodeIgniter\CodeIgniter->runController(Object(App\Controllers\Tasks))
#9 /home/vol14_7/infinityfree.com/if0_43111722/htdocs/system/CodeIgniter.php(363): CodeIgniter\CodeIgniter->handleRequest(NULL, Object(Config\Cache), false)
#10 /home/vol14_7/infinityfree.com/if0_43111722/htdocs/system/Boot.php(417): CodeIgniter\CodeIgniter->run()
#11 /home/vol14_7/infinityfree.com/if0_43111722/htdocs/system/Boot.php(68): CodeIgniter\Boot::runCodeIgniter(Object(CodeIgniter\CodeIgniter))
#12 /home/vol14_7/infinityfree.com/if0_43111722/htdocs/public/index.php(59): CodeIgniter\Boot::bootWeb(Object(Config\Paths))
#13 {main}

Next CodeIgniter\Database\Exceptions\DatabaseException: Access denied for user '****'@'192.168.0.39' (using password: YES) in /home/vol14_7/infinityfree.com/if0_43111722/htdocs/system/Database/MySQLi/Connection.php:231
Stack trace:
#0 /home/vol14_7/infinityfree.com/if0_43111722/htdocs/system/Database/BaseConnection.php(555): CodeIgniter\Database\MySQLi\Connection->connect(false)
#1 /home/vol14_7/infinityfree.com/if0_43111722/htdocs/system/Database/BaseConnection.php(795): CodeIgniter\Database\BaseConnection->initialize()
#2 /home/vol14_7/infinityfree.com/if0_43111722/htdocs/system/Database/BaseBuilder.php(1659): CodeIgniter\Database\BaseConnection->query('SELECT *\nFROM `...', Array, false)
#3 /home/vol14_7/infinityfree.com/if0_43111722/htdocs/system/Model.php(255): CodeIgniter\Database\BaseBuilder->get()
#4 /home/vol14_7/infinityfree.com/if0_43111722/htdocs/system/BaseModel.php(676): CodeIgniter\Model->doFindAll(0, 0)
#5 /home/vol14_7/infinityfree.com/if0_43111722/htdocs/app/Controllers/Tasks.php(36): CodeIgniter\BaseModel->findAll()
#6 /home/vol14_7/infinityfree.com/if0_43111722/htdocs/system/CodeIgniter.php(974): App\Controllers\Tasks->index()
#7 /home/vol14_7/infinityfree.com/if0_43111722/htdocs/system/CodeIgniter.php(520): CodeIgniter\CodeIgniter->runController(Object(App\Controllers\Tasks))
#8 /home/vol14_7/infinityfree.com/if0_43111722/htdocs/system/CodeIgniter.php(363): CodeIgniter\CodeIgniter->handleRequest(NULL, Object(Config\Cache), false)
#9 /home/vol14_7/infinityfree.com/if0_43111722/htdocs/system/Boot.php(417): CodeIgniter\CodeIgniter->run()
#10 /home/vol14_7/infinityfree.com/if0_43111722/htdocs/system/Boot.php(68): CodeIgniter\Boot::runCodeIgniter(Object(CodeIgniter\CodeIgniter))
#11 /home/vol14_7/infinityfree.com/if0_43111722/htdocs/public/index.php(59): CodeIgniter\Boot::bootWeb(Object(Config\Paths))
#12 {main}
CRITICAL - 2026-10-07 13:04:22 --> CodeIgniter\Database\Exceptions\DatabaseException: Unable to connect to the database.
Main connection [MySQLi]: Access denied for user '****'@'192.168.0.39' (using password: YES)
[Method: GET, Route: /]
in SYSTEMPATH/Database/BaseConnection.php on line 606.
 1 SYSTEMPATH/Database/BaseConnection.php(795): CodeIgniter\Database\BaseConnection->initialize()
 2 SYSTEMPATH/Database/BaseBuilder.php(1659): CodeIgniter\Database\BaseConnection->query('SELECT *
FROM `tasks`
WHERE `task_date` = :task_date:
AND `is_archived` = :is_archived:
ORDER BY `id` ASC', [...], false)
 3 SYSTEMPATH/Model.php(255): CodeIgniter\Database\BaseBuilder->get()
 4 SYSTEMPATH/BaseModel.php(676): CodeIgniter\Model->doFindAll(0, 0)
 5 APPPATH/Controllers/Tasks.php(36): CodeIgniter\BaseModel->findAll()
 6 SYSTEMPATH/CodeIgniter.php(974): App\Controllers\Tasks->index()
 7 SYSTEMPATH/CodeIgniter.php(520): CodeIgniter\CodeIgniter->runController(Object(App\Controllers\Tasks))
 8 SYSTEMPATH/CodeIgniter.php(363): CodeIgniter\CodeIgniter->handleRequest(null, Object(Config\Cache), false)
 9 SYSTEMPATH/Boot.php(417): CodeIgniter\CodeIgniter->run()
10 SYSTEMPATH/Boot.php(68): CodeIgniter\Boot::runCodeIgniter(Object(CodeIgniter\CodeIgniter))
11 FCPATH/index.php(59): CodeIgniter\Boot::bootWeb(Object(Config\Paths))
ERROR - 2026-10-07 13:05:12 --> Error connecting to the database: mysqli_sql_exception: Access denied for user 'if0_43111722_XXX'@'192.168.0.39' (using password: YES) in /home/vol14_7/infinityfree.com/if0_43111722/htdocs/system/Database/MySQLi/Connection.php:201
Stack trace:
#0 /home/vol14_7/infinityfree.com/if0_43111722/htdocs/system/Database/MySQLi/Connection.php(201): mysqli->real_connect('sql212.infinity...', 'if0_43111722_XX...', Object(SensitiveParameterValue), 'tasks_today_db', 3306, '', 0)
#1 /home/vol14_7/infinityfree.com/if0_43111722/htdocs/system/Database/BaseConnection.php(555): CodeIgniter\Database\MySQLi\Connection->connect(false)
#2 /home/vol14_7/infinityfree.com/if0_43111722/htdocs/system/Database/BaseConnection.php(795): CodeIgniter\Database\BaseConnection->initialize()
#3 /home/vol14_7/infinityfree.com/if0_43111722/htdocs/system/Database/BaseBuilder.php(1659): CodeIgniter\Database\BaseConnection->query('SELECT *\nFROM `...', Array, false)
#4 /home/vol14_7/infinityfree.com/if0_43111722/htdocs/system/Model.php(255): CodeIgniter\Database\BaseBuilder->get()
#5 /home/vol14_7/infinityfree.com/if0_43111722/htdocs/system/BaseModel.php(676): CodeIgniter\Model->doFindAll(0, 0)
#6 /home/vol14_7/infinityfree.com/if0_43111722/htdocs/app/Controllers/Tasks.php(36): CodeIgniter\BaseModel->findAll()
#7 /home/vol14_7/infinityfree.com/if0_43111722/htdocs/system/CodeIgniter.php(974): App\Controllers\Tasks->index()
#8 /home/vol14_7/infinityfree.com/if0_43111722/htdocs/system/CodeIgniter.php(520): CodeIgniter\CodeIgniter->runController(Object(App\Controllers\Tasks))
#9 /home/vol14_7/infinityfree.com/if0_43111722/htdocs/system/CodeIgniter.php(363): CodeIgniter\CodeIgniter->handleRequest(NULL, Object(Config\Cache), false)
#10 /home/vol14_7/infinityfree.com/if0_43111722/htdocs/system/Boot.php(417): CodeIgniter\CodeIgniter->run()
#11 /home/vol14_7/infinityfree.com/if0_43111722/htdocs/system/Boot.php(68): CodeIgniter\Boot::runCodeIgniter(Object(CodeIgniter\CodeIgniter))
#12 /home/vol14_7/infinityfree.com/if0_43111722/htdocs/public/index.php(59): CodeIgniter\Boot::bootWeb(Object(Config\Paths))
#13 {main}

Next CodeIgniter\Database\Exceptions\DatabaseException: Access denied for user '****'@'192.168.0.39' (using password: YES) in /home/vol14_7/infinityfree.com/if0_43111722/htdocs/system/Database/MySQLi/Connection.php:231
Stack trace:
#0 /home/vol14_7/infinityfree.com/if0_43111722/htdocs/system/Database/BaseConnection.php(555): CodeIgniter\Database\MySQLi\Connection->connect(false)
#1 /home/vol14_7/infinityfree.com/if0_43111722/htdocs/system/Database/BaseConnection.php(795): CodeIgniter\Database\BaseConnection->initialize()
#2 /home/vol14_7/infinityfree.com/if0_43111722/htdocs/system/Database/BaseBuilder.php(1659): CodeIgniter\Database\BaseConnection->query('SELECT *\nFROM `...', Array, false)
#3 /home/vol14_7/infinityfree.com/if0_43111722/htdocs/system/Model.php(255): CodeIgniter\Database\BaseBuilder->get()
#4 /home/vol14_7/infinityfree.com/if0_43111722/htdocs/system/BaseModel.php(676): CodeIgniter\Model->doFindAll(0, 0)
#5 /home/vol14_7/infinityfree.com/if0_43111722/htdocs/app/Controllers/Tasks.php(36): CodeIgniter\BaseModel->findAll()
#6 /home/vol14_7/infinityfree.com/if0_43111722/htdocs/system/CodeIgniter.php(974): App\Controllers\Tasks->index()
#7 /home/vol14_7/infinityfree.com/if0_43111722/htdocs/system/CodeIgniter.php(520): CodeIgniter\CodeIgniter->runController(Object(App\Controllers\Tasks))
#8 /home/vol14_7/infinityfree.com/if0_43111722/htdocs/system/CodeIgniter.php(363): CodeIgniter\CodeIgniter->handleRequest(NULL, Object(Config\Cache), false)
#9 /home/vol14_7/infinityfree.com/if0_43111722/htdocs/system/Boot.php(417): CodeIgniter\CodeIgniter->run()
#10 /home/vol14_7/infinityfree.com/if0_43111722/htdocs/system/Boot.php(68): CodeIgniter\Boot::runCodeIgniter(Object(CodeIgniter\CodeIgniter))
#11 /home/vol14_7/infinityfree.com/if0_43111722/htdocs/public/index.php(59): CodeIgniter\Boot::bootWeb(Object(Config\Paths))
#12 {main}
CRITICAL - 2026-10-07 13:05:12 --> CodeIgniter\Database\Exceptions\DatabaseException: Unable to connect to the database.
Main connection [MySQLi]: Access denied for user '****'@'192.168.0.39' (using password: YES)
[Method: GET, Route: /]
in SYSTEMPATH/Database/BaseConnection.php on line 606.
 1 SYSTEMPATH/Database/BaseConnection.php(795): CodeIgniter\Database\BaseConnection->initialize()
 2 SYSTEMPATH/Database/BaseBuilder.php(1659): CodeIgniter\Database\BaseConnection->query('SELECT *
FROM `tasks`
WHERE `task_date` = :task_date:
AND `is_archived` = :is_archived:
ORDER BY `id` ASC', [...], false)
 3 SYSTEMPATH/Model.php(255): CodeIgniter\Database\BaseBuilder->get()
 4 SYSTEMPATH/BaseModel.php(676): CodeIgniter\Model->doFindAll(0, 0)
 5 APPPATH/Controllers/Tasks.php(36): CodeIgniter\BaseModel->findAll()
 6 SYSTEMPATH/CodeIgniter.php(974): App\Controllers\Tasks->index()
 7 SYSTEMPATH/CodeIgniter.php(520): CodeIgniter\CodeIgniter->runController(Object(App\Controllers\Tasks))
 8 SYSTEMPATH/CodeIgniter.php(363): CodeIgniter\CodeIgniter->handleRequest(null, Object(Config\Cache), false)
 9 SYSTEMPATH/Boot.php(417): CodeIgniter\CodeIgniter->run()
10 SYSTEMPATH/Boot.php(68): CodeIgniter\Boot::runCodeIgniter(Object(CodeIgniter\CodeIgniter))
11 FCPATH/index.php(59): CodeIgniter\Boot::bootWeb(Object(Config\Paths))
